// Jest Snapshot v1, https://goo.gl/fbAQLP

exports[`<BrandTitle /> should render brand title 1`] = `
<div
  class="MuiGrid-root MuiGrid-container MuiGrid-direction-xs-column MuiGrid-align-items-xs-center MuiGrid-justify-content-xs-center"
  data-testid="brand-title"
>
  <div
    class="MuiGrid-root MuiGrid-item MuiGrid-grid-xs-12"
  >
    <h2
      class="MuiTypography-root MuiTypography-h2 MuiTypography-colorPrimary MuiTypography-gutterBottom MuiTypography-alignCenter"
    >
      Welcome to
       
      <span
        class="MuiTypography-root MuiTypography-h1"
      >
        IClinic
      </span>
    </h2>
  </div>
  <div
    class="MuiGrid-root MuiGrid-item MuiGrid-grid-xs-12"
  >
    <p
      class="MuiTypography-root MuiTypography-subtitle2 MuiTypography-colorPrimary MuiTypography-alignCenter"
    >
      frontend test
    </p>
  </div>
</div>
`;
