// Jest Snapshot v1, https://goo.gl/fbAQLP

exports[`<ChooseButton /> should render choose button able 1`] = `
<div
  class="MuiGrid-root MuiGrid-item MuiGrid-grid-xs-12"
  style="text-align: center;"
>
  <button
    class="MuiButtonBase-root MuiButton-root MuiButton-contained makeStyles-root-1 makeStyles-root-2"
    data-testid="choose-button"
    tabindex="0"
    type="button"
  >
    <span
      class="MuiButton-label"
    >
      choose your path again, Padawan
    </span>
    <span
      class="MuiTouchRipple-root"
    />
  </button>
</div>
`;
